[    0.000000] Initializing cgroup subsys cpuset
[    0.000000] Initializing cgroup subsys cpu
[    0.000000] Initializing cgroup subsys cpuacct
[    0.000000] Linux version 4.4.0-103-generic (buildd@lcy01-amd64-001) (gcc version 5.4.0 20160609 (Ubuntu 5.4.0-6ubuntu1~16.04.5) ) #126-Ubuntu SMP Mon Dec 4 16:23:28 UTC 2017 (Ubuntu 4.4.0-103.126-generic 4.4.98)
[    0.000000] Command line: BOOT_IMAGE=/boot/vmlinuz-4.4.0-103-generic root=LABEL=cloudimg-rootfs ro console=tty1 console=ttyS0
[    0.000000] KERNEL supported cpus:
[    0.000000]   Intel GenuineIntel
[    0.000000]   AMD AuthenticAMD
[    0.000000]   Centaur CentaurHauls
[    0.000000] x86/fpu: xstate_offset[2]:  576, xstate_sizes[2]:  256
[    0.000000] x86/fpu: Supporting XSAVE feature 0x01: 'x87 floating point registers'
[    0.000000] x86/fpu: Supporting XSAVE feature 0x02: 'SSE registers'
[    0.000000] x86/fpu: Supporting XSAVE feature 0x04: 'AVX registers'
[    0.000000] x86/fpu: Enabled xstate features 0x7, context size is 832 bytes, using 'standard' format.
[    0.000000] x86/fpu: Using 'lazy' FPU context switches.
[    0.000000] e820: BIOS-provided physical RAM map:
[    0.000000] BIOS-e820: [mem 0x0000000000000000-0x000000000009fbff] usable
[    0.000000] BIOS-e820: [mem 0x000000000009fc00-0x000000000009ffff] reserved
[    0.000000] BIOS-e820: [mem 0x00000000000f0000-0x00000000000fffff] reserved
[    0.000000] BIOS-e820: [mem 0x0000000000100000-0x000000003ffeffff] usable
[    0.000000] BIOS-e820: [mem 0x000000003fff0000-0x000000003fffffff] ACPI data
[    0.000000] BIOS-e820: [mem 0x00000000fec00000-0x00000000fec00fff] reserved
[    0.000000] BIOS-e820: [mem 0x00000000fee00000-0x00000000fee00fff] reserved
[    0.000000] BIOS-e820: [mem 0x00000000fffc0000-0x00000000ffffffff] reserved
[    0.000000] NX (Execute Disable) protection: active
[    0.000000] SMBIOS 2.5 present.
[    0.000000] Hypervisor detected: KVM
[    0.000000] AGP: No AGP bridge found
[    0.000000] e820: last_pfn = 0x3fff0 max_arch_pfn = 0x400000000
[    0.000000] MTRR: Disabled
[    0.000000] x86/PAT: MTRRs disabled, skipping PAT initialization too.
[    0.000000] CPU MTRRs all blank - virtualized system.
[    0.000000] x86/PAT: Configuration [0-7]: WB  WT  UC- UC  WB  WT  UC- UC  
[    0.000000] found SMP MP-table at [mem 0x0009fff0-0x0009ffff] mapped at [ffff88000009fff0]
[    0.000000] Scanning 1 areas for low memory corruption
[    0.000000] RAMDISK: [mem 0x36ade000-0x37566fff]
[    0.000000] ACPI: Early table checksum verification disabled
[    0.000000] ACPI: RSDP 0x00000000000E0000 000024 (v02 VBOX  )
[    0.000000] ACPI: XSDT 0x000000003FFF0030 00003C (v01 VBOX   VBOXXSDT 00000001 ASL  00000061)
[    0.000000] ACPI: FACP 0x000000003FFF00F0 0000F4 (v04 VBOX   VBOXFACP 00000001 ASL  00000061)
[    0.000000] ACPI: DSDT 0x000000003FFF0470 0021C8 (v02 VBOX   VBOXBIOS 00000002 INTL 20100528)
[    0.000000] ACPI: FACS 0x000000003FFF0200 000040
[    0.000000] ACPI: FACS 0x000000003FFF0200 000040
[    0.000000] ACPI: APIC 0x000000003FFF0240 00005C (v02 VBOX   VBOXAPIC 00000001 ASL  00000061)
[    0.000000] ACPI: SSDT 0x000000003FFF02A0 0001CC (v01 VBOX   VBOXCPUT 00000002 INTL 20100528)
[    0.000000] No NUMA configuration found
[    0.000000] Faking a node at [mem 0x0000000000000000-0x000000003ffeffff]
[    0.000000] NODE_DATA(0) allocated [mem 0x3ffeb000-0x3ffeffff]
[    0.000000] kvm-clock: Using msrs 4b564d01 and 4b564d00
[    0.000000] kvm-clock: cpu 0, msr 0:3ffe3001, primary cpu clock
[    0.000000] kvm-clock: using sched offset of 4707244656 cycles
[    0.000000] clocksource: kvm-clock: mask: 0xffffffffffffffff max_cycles: 0x1cd42e4dffb, max_idle_ns: 881590591483 ns
[    0.000000] Zone ranges:
[    0.000000]   DMA      [mem 0x0000000000001000-0x0000000000ffffff]
[    0.000000]   DMA32    [mem 0x0000000001000000-0x000000003ffeffff]
[    0.000000]   Normal   empty
[    0.000000]   Device   empty
[    0.000000] Movable zone start for each node
[    0.000000] Early memory node ranges
[    0.000000]   node   0: [mem 0x0000000000001000-0x000000000009efff]
[    0.000000]   node   0: [mem 0x0000000000100000-0x000000003ffeffff]
[    0.000000] Initmem setup node 0 [mem 0x0000000000001000-0x000000003ffeffff]
[    0.000000] ACPI: PM-Timer IO Port: 0x4008
[    0.000000] IOAPIC[0]: apic_id 2, version 32, address 0xfec00000, GSI 0-23
[    0.000000] ACPI: INT_SRC_OVR (bus 0 bus_irq 0 global_irq 2 dfl dfl)
[    0.000000] ACPI: INT_SRC_OVR (bus 0 bus_irq 9 global_irq 9 high level)
[    0.000000] Using ACPI (MADT) for SMP configuration information
[    0.000000] smpboot: Allowing 2 CPUs, 0 hotplug CPUs
[    0.000000] PM: Registered nosave memory: [mem 0x00000000-0x00000fff]
[    0.000000] PM: Registered nosave memory: [mem 0x0009f000-0x0009ffff]
[    0.000000] PM: Registered nosave memory: [mem 0x000a0000-0x000effff]
[    0.000000] PM: Registered nosave memory: [mem 0x000f0000-0x000fffff]
[    0.000000] e820: [mem 0x40000000-0xfebfffff] available for PCI devices
[    0.000000] Booting paravirtualized kernel on KVM
[    0.000000] clocksource: refined-jiffies: mask: 0xffffffff max_cycles: 0xffffffff, max_idle_ns: 7645519600211568 ns
[    0.000000] setup_percpu: NR_CPUS:512 nr_cpumask_bits:512 nr_cpu_ids:2 nr_node_ids:1
[    0.000000] PERCPU: Embedded 33 pages/cpu @ffff88003fc00000 s98200 r8192 d28776 u1048576
[    0.000000] PV qspinlock hash table entries: 256 (order: 0, 4096 bytes)
[    0.000000] Built 1 zonelists in Node order, mobility grouping on.  Total pages: 257913
[    0.000000] Policy zone: DMA32
[    0.000000] Kernel command line: BOOT_IMAGE=/boot/vmlinuz-4.4.0-103-generic root=LABEL=cloudimg-rootfs ro console=tty1 console=ttyS0
[    0.000000] PID hash table entries: 4096 (order: 3, 32768 bytes)
[    0.000000] AGP: Checking aperture...
[    0.000000] AGP: No AGP bridge found
[    0.000000] Memory: 1001784K/1048120K available (8485K kernel code, 1295K rwdata, 3988K rodata, 1492K init, 1316K bss, 46336K reserved, 0K cma-reserved)
[    0.000000] SLUB: HWalign=64, Order=0-3, MinObjects=0, CPUs=2, Nodes=1
[    0.000000] Hierarchical RCU implementation.
[    0.000000] 	Build-time adjustment of leaf fanout to 64.
[    0.000000] 	RCU restricting CPUs from NR_CPUS=512 to nr_cpu_ids=2.
[    0.000000] RCU: Adjusting geometry for rcu_fanout_leaf=64, nr_cpu_ids=2
[    0.000000] NR_IRQS:33024 nr_irqs:440 16
[    0.000000] Console: colour VGA+ 80x25
[    0.000000] console [tty1] enabled
[    0.000000] console [ttyS0] enabled
[    0.000000] tsc: Detected 3616.234 MHz processor
[    0.000000] tsc: Marking TSC unstable due to TSCs unsynchronized
[    0.012000] Calibrating delay loop (skipped) preset value.. 7232.46 BogoMIPS (lpj=14464936)
[    0.016014] pid_max: default: 32768 minimum: 301
[    0.020022] ACPI: Core revision 20150930
[    0.029531] ACPI: 2 ACPI AML tables successfully acquired and loaded
[    0.040040] Security Framework initialized
[    0.044010] Yama: becoming mindful.
[    0.048036] AppArmor: AppArmor initialized
[    0.052227] Dentry cache hash table entries: 131072 (order: 8, 1048576 bytes)
[    0.056361] Inode-cache hash table entries: 65536 (order: 7, 524288 bytes)
[    0.064071] Mount-cache hash table entries: 2048 (order: 2, 16384 bytes)
[    0.068023] Mountpoint-cache hash table entries: 2048 (order: 2, 16384 bytes)
[    0.072209] Initializing cgroup subsys io
[    0.076014] Initializing cgroup subsys memory
[    0.080028] Initializing cgroup subsys devices
[    0.084018] Initializing cgroup subsys freezer
[    0.088019] Initializing cgroup subsys net_cls
[    0.092018] Initializing cgroup subsys perf_event
[    0.096019] Initializing cgroup subsys net_prio
[    0.100024] Initializing cgroup subsys hugetlb
[    0.104016] Initializing cgroup subsys pids
[    0.108156] CPU: Physical Processor ID: 0
[    0.112012] CPU: Processor Core ID: 0
[    0.116014] mce: CPU supports 0 MCE banks
[    0.120034] Last level iTLB entries: 4KB 512, 2MB 1024, 4MB 512
[    0.124011] Last level dTLB entries: 4KB 1024, 2MB 1024, 4MB 512, 1GB 0
[    0.132087] Freeing SMP alternatives memory: 32K
[    0.145632] ftrace: allocating 32158 entries in 126 pages
[    0.160121] smpboot: APIC(0) Converting physical 0 to logical package 0
[    0.164013] smpboot: Max logical packages: 1
[    0.168452] x2apic enabled
[    0.172012] Switched APIC routing to physical x2apic.
[    0.177793] ..TIMER: vector=0x30 apic1=0 pin1=2 apic2=-1 pin2=-1
[    0.184000] smpboot: CPU0: AMD FX(tm)-4100 Quad-Core Processor (family: 0x15, model: 0x1, stepping: 0x2)
[    0.196018] Performance Events: Broken PMU hardware detected, using software events only.
[    0.204009] Failed to access perfctr msr (MSR c0010007 is 0)
[    0.208056] KVM setup paravirtual spinlock
[    0.212964] x86: Booting SMP configuration:
[    0.216014] .... node  #0, CPUs:      #1
[    0.012000] kvm-clock: cpu 1, msr 0:3ffe3041, secondary cpu clock
[    0.012000] mce: CPU supports 0 MCE banks
[    0.322069] x86: Booted up 1 node, 2 CPUs
[    0.324010] smpboot: Total of 2 processors activated (14464.93 BogoMIPS)
[    0.332287] devtmpfs: initialized
[    0.358637] evm: security.selinux
[    0.392006] evm: security.SMACK64
[    0.424006] evm: security.SMACK64EXEC
[    0.464007] evm: security.SMACK64TRANSMUTE
[    0.524006] evm: security.SMACK64MMAP
[    0.568006] evm: security.ima
[    0.600007] evm: security.capability
[    0.648173] clocksource: jiffies: mask: 0xffffffff max_cycles: 0xffffffff, max_idle_ns: 7645041785100000 ns
[    0.652032] futex hash table entries: 512 (order: 3, 32768 bytes)
[    0.656090] pinctrl core: initialized pinctrl subsystem
[    0.712216] RTC time: 15:55:46, date: 12/18/17
[    0.752486] NET: Registered protocol family 16
[    0.792011] cpuidle: using governor ladder
[    0.808015] cpuidle: using governor menu
[    0.812035] PCCT header not found.
[    0.816361] ACPI: bus type PCI registered
[    0.820010] acpiphp: ACPI Hot Plug PCI Controller Driver version: 0.5
[    0.824172] PCI: Using configuration type 1 for base access
[    0.828008] PCI: Using configuration type 1 for extended access
[    0.844124] ACPI: Added _OSI(Module Device)
[    0.864026] ACPI: Added _OSI(Processor Device)
[    0.876012] ACPI: Added _OSI(3.0 _SCP Extensions)
[    0.892011] ACPI: Added _OSI(Processor Aggregator Device)
[    0.901521] ACPI: Executed 1 blocks of module-level executable AML code
[    0.958314] ACPI: Interpreter enabled
[    1.000028] ACPI: (supports S0 S5)
[    1.056011] ACPI: Using IOAPIC for interrupt routing
[    1.108269] PCI: Using host bridge windows from ACPI; if necessary, use "pci=nocrs" and report a bug
[    1.228055] ACPI: PCI Root Bridge [PCI0] (domain 0000 [bus 00-ff])
[    1.288021] acpi PNP0A03:00: _OSC: OS supports [ExtendedConfig ASPM ClockPM Segments MSI]
[    1.348024] acpi PNP0A03:00: _OSC failed (AE_NOT_FOUND); disabling ASPM
[    1.420022] PCI host bridge to bus 0000:00
[    1.476013] pci_bus 0000:00: root bus resource [io  0x0000-0x0cf7 window]
[    1.548012] pci_bus 0000:00: root bus resource [io  0x0d00-0xffff window]
[    1.620014] pci_bus 0000:00: root bus resource [mem 0x000a0000-0x000bffff window]
[    1.740013] pci_bus 0000:00: root bus resource [mem 0x40000000-0xffdfffff window]
[    1.832014] pci_bus 0000:00: root bus resource [bus 00-ff]
[    1.881003] pci 0000:00:01.1: legacy IDE quirk: reg 0x10: [io  0x01f0-0x01f7]
[    1.980023] pci 0000:00:01.1: legacy IDE quirk: reg 0x14: [io  0x03f6]
[    2.116028] pci 0000:00:01.1: legacy IDE quirk: reg 0x18: [io  0x0170-0x0177]
[    2.220012] pci 0000:00:01.1: legacy IDE quirk: reg 0x1c: [io  0x0376]
[    2.317590] pci 0000:00:07.0: quirk: [io  0x4000-0x403f] claimed by PIIX4 ACPI
[    2.424043] pci 0000:00:07.0: quirk: [io  0x4100-0x410f] claimed by PIIX4 SMB
[    2.496754] ACPI: PCI Interrupt Link [LNKA] (IRQs 5 9 10 *11)
[    2.540223] ACPI: PCI Interrupt Link [LNKB] (IRQs 5 9 10 *11)
[    2.584603] ACPI: PCI Interrupt Link [LNKC] (IRQs 5 9 *10 11)
[    2.623164] ACPI: PCI Interrupt Link [LNKD] (IRQs 5 *9 10 11)
[    2.653094] ACPI: Enabled 2 GPEs in block 00 to 07
[    2.680295] vgaarb: setting as boot device: PCI:0000:00:02.0
[    2.684000] vgaarb: device added: PCI:0000:00:02.0,decodes=io+mem,owns=io+mem,locks=none
[    2.860013] vgaarb: loaded
[    2.884008] vgaarb: bridge control possible 0000:00:02.0
[    2.920667] SCSI subsystem initialized
[    2.944144] ACPI: bus type USB registered
[    2.960066] usbcore: registered new interface driver usbfs
[    2.984041] usbcore: registered new interface driver hub
[    3.004071] usbcore: registered new device driver usb
[    3.044230] PCI: Using ACPI for IRQ routing
[    3.072481] NetLabel: Initializing
[    3.104008] NetLabel:  domain hash size = 128
[    3.152009] NetLabel:  protocols = UNLABELED CIPSOv4
[    3.200026] NetLabel:  unlabeled traffic allowed by default
[    3.224098] amd_nb: Cannot enumerate AMD northbridges
[    3.272063] clocksource: Switched to clocksource kvm-clock
[    3.369146] AppArmor: AppArmor Filesystem Enabled
[    3.448182] pnp: PnP ACPI init
[    3.478394] pnp: PnP ACPI: found 3 devices
[    3.529900] clocksource: acpi_pm: mask: 0xffffff max_cycles: 0xffffff, max_idle_ns: 2085701024 ns
[    3.656380] NET: Registered protocol family 2
[    3.730430] TCP established hash table entries: 8192 (order: 4, 65536 bytes)
[    3.811878] TCP bind hash table entries: 8192 (order: 5, 131072 bytes)
[    3.876362] TCP: Hash tables configured (established 8192 bind 8192)
[    3.948708] UDP hash table entries: 512 (order: 2, 16384 bytes)
[    4.032691] UDP-Lite hash table entries: 512 (order: 2, 16384 bytes)
[    4.118474] NET: Registered protocol family 1
[    4.185771] pci 0000:00:00.0: Limiting direct PCI/PCI transfers
[    4.252767] pci 0000:00:01.0: Activating ISA DMA hang workarounds
[    4.336991] Unpacking initramfs...
[    6.569152] Freeing initrd memory: 10788K
[    6.611264] clocksource: tsc: mask: 0xffffffffffffffff max_cycles: 0x34203af5b4b, max_idle_ns: 440795369470 ns
[    6.704886] platform rtc_cmos: registered platform RTC device (no PNP device found)
[    6.791107] Scanning for low memory corruption every 60 seconds
[    6.828738] audit: initializing netlink subsys (disabled)
[    6.867300] audit: type=2000 audit(1513612544.186:1): initialized
[    6.935497] Initialise system trusted keyring
[    6.974812] HugeTLB registered 2 MB page size, pre-allocated 0 pages
[    7.064753] zbud: loaded
[    7.088543] VFS: Disk quotas dquot_6.6.0
[    7.125282] VFS: Dquot-cache hash table entries: 512 (order 0, 4096 bytes)
[    7.193250] squashfs: version 4.0 (2009/01/31) Phillip Lougher
[    7.238522] fuse init (API version 7.23)
[    7.297183] Key type big_key registered
[    7.342799] Allocating IMA MOK and blacklist keyrings.
[    7.394592] Key type asymmetric registered
[    7.448661] Asymmetric key parser 'x509' registered
[    7.516912] Block layer SCSI generic (bsg) driver version 0.4 loaded (major 249)
[    7.651894] io scheduler noop registered
[    7.705159] io scheduler deadline registered (default)
[    7.784964] io scheduler cfq registered
[    7.839238] pci_hotplug: PCI Hot Plug PCI Core version: 0.5
[    7.907579] pciehp: PCI Express Hot Plug Controller Driver version: 0.4
[    8.012278] ACPI: AC Adapter [AC] (on-line)
[    8.057374] input: Power Button as /devices/LNXSYSTM:00/LNXPWRBN:00/input/input0
[    8.173386] ACPI: Power Button [PWRF]
[    8.235540] input: Sleep Button as /devices/LNXSYSTM:00/LNXSLPBN:00/input/input1
[    8.335668] ACPI: Sleep Button [SLPF]
[    8.375622] GHES: HEST is not enabled!
[    8.415744] Serial: 8250/16550 driver, 32 ports, IRQ sharing enabled
[    8.563622] 00:02: ttyS0 at I/O 0x3f8 (irq = 4, base_baud = 115200) is a 16550A
[    8.768810] Linux agpgart interface v0.103
[    8.858989] loop: module loaded
[    8.925344] scsi host0: ata_piix
[    8.973807] scsi host1: ata_piix
[    9.034393] ata1: PATA max UDMA/33 cmd 0x1f0 ctl 0x3f6 bmdma 0xd000 irq 14
[    9.143172] ata2: PATA max UDMA/33 cmd 0x170 ctl 0x376 bmdma 0xd008 irq 15
[    9.229344] libphy: Fixed MDIO Bus: probed
[    9.324416] tun: Universal TUN/TAP device driver, 1.6
[    9.417114] tun: (C) 1999-2004 Max Krasnyansky <maxk@qualcomm.com>
[    9.562685] PPP generic driver version 2.4.2
[    9.614719] ehci_hcd: USB 2.0 'Enhanced' Host Controller (EHCI) Driver
[    9.685311] ehci-pci: EHCI PCI platform driver
[    9.772972] ehci-platform: EHCI generic platform driver
[    9.818451] ohci_hcd: USB 1.1 'Open' Host Controller (OHCI) Driver
[    9.864723] ohci-pci: OHCI PCI platform driver
[    9.962500] ohci-platform: OHCI generic platform driver
[   10.053582] uhci_hcd: USB Universal Host Controller Interface driver
[   10.160737] i8042: PNP: PS/2 Controller [PNP0303:PS2K,PNP0f03:PS2M] at 0x60,0x64 irq 1,12
[   10.317711] serio: i8042 KBD port at 0x60,0x64 irq 1
[   10.454786] serio: i8042 AUX port at 0x60,0x64 irq 12
[   10.576320] mousedev: PS/2 mouse device common for all mice
[   10.671307] input: AT Translated Set 2 keyboard as /devices/platform/i8042/serio0/input/input2
[   10.677124] rtc_cmos rtc_cmos: rtc core: registered rtc_cmos as rtc0
[   10.677225] rtc_cmos rtc_cmos: alarms up to one day, 114 bytes nvram
[   10.677237] i2c /dev entries driver
[   10.677319] device-mapper: uevent: version 1.0.3
[   10.677418] device-mapper: ioctl: 4.34.0-ioctl (2015-10-28) initialised: dm-devel@redhat.com
[   10.677437] ledtrig-cpu: registered to indicate activity on CPUs
[   10.677906] NET: Registered protocol family 10
[   10.678113] NET: Registered protocol family 17
[   10.678124] Key type dns_resolver registered
[   10.678050] microcode: CPU0: patch_level=0x06000626
[   10.755454] microcode: CPU1: patch_level=0x06000626
[   10.755566] microcode: Microcode Update Driver: v2.01 <tigran@aivazian.fsnet.co.uk>, Peter Oruba
[   10.755777] registered taskstats version 1
[   10.755797] Loading compiled-in X.509 certificates
[   10.757066] Loaded X.509 cert 'Build time autogenerated kernel key: 6495e09daeacef0cade9c1ea2246b74b6c79cd53'
[   10.757100] zswap: loaded using pool lzo/zbud
[   10.759785] Key type trusted registered
[   10.764095] Key type encrypted registered
[   10.764103] AppArmor: AppArmor sha1 policy hashing enabled
[   10.764107] ima: No TPM chip found, activating TPM-bypass!
[   10.764133] evm: HMAC attrs: 0x1
[   10.764621]   Magic number: 13:870:942
[   10.858934] rtc_cmos rtc_cmos: setting system clock to 2017-12-18 15:55:56 UTC (1513612556)
[   10.859121] BIOS EDD facility v0.16 2004-Jun-25, 0 devices found
[   10.859122] EDD information not available.
[   12.386329] Freeing unused kernel memory: 1492K
[   12.423144] Write protecting the kernel read-only data: 14336k
[   12.481711] Freeing unused kernel memory: 1744K
[   12.551260] Freeing unused kernel memory: 108K
Loading, please [   12.607086] random: systemd-udevd: uninitialized urandom read (16 bytes read, 4 bits of entropy available)
wait...
startin[   12.608035] random: udevadm: uninitialized urandom read (16 bytes read, 4 bits of entropy available)
g version 229
[   12.608059] random: udevadm: uninitialized urandom read (16 bytes read, 4 bits of entropy available)
[   12.622517] random: udevadm: uninitialized urandom read (16 bytes read, 4 bits of entropy available)
[   12.622562] random: udevadm: uninitialized urandom read (16 bytes read, 4 bits of entropy available)
[   12.622713] random: udevadm: uninitialized urandom read (16 bytes read, 4 bits of entropy available)
[   12.622774] random: udevadm: uninitialized urandom read (16 bytes read, 4 bits of entropy available)
[   12.622832] random: udevadm: uninitialized urandom read (16 bytes read, 4 bits of entropy available)
[   12.622891] random: udevadm: uninitialized urandom read (16 bytes read, 4 bits of entropy available)
[   12.622950] random: udevadm: uninitialized urandom read (16 bytes read, 4 bits of entropy available)
[   13.467623] e1000: Intel(R) PRO/1000 Network Driver - version 7.3.21-k8-NAPI
[   13.536138] e1000: Copyright (c) 1999-2006 Intel Corporation.
[   13.608986] Fusion MPT base driver 3.04.20
[   13.624969] Copyright (c) 1999-2008 LSI Corporation
[   13.687794] Fusion MPT SPI Host driver 3.04.20
[   13.755280] AVX version of gcm_enc/dec engaged.
[   13.809677] AES CTR mode by8 optimization enabled
[   14.110850] input: ImExPS/2 Generic Explorer Mouse as /devices/platform/i8042/serio1/input/input4
[   14.116610] e1000 0000:00:03.0 eth0: (PCI:33MHz:32-bit) 02:63:8e:2c:ef:cd
[   14.116618] e1000 0000:00:03.0 eth0: Intel(R) PRO/1000 Network Connection
[   14.119069] mptbase: ioc0: Initiating bringup
[   14.180437] ioc0: LSI53C1030 A0: Capabilities={Initiator}
[   14.342031] scsi host2: ioc0: LSI53C1030 A0, FwRev=00000000h, Ports=1, MaxQ=256, IRQ=20
[   14.567533] scsi 2:0:0:0: Direct-Access     VBOX     HARDDISK         1.0  PQ: 0 ANSI: 5
[   14.647547] scsi target2:0:0: Beginning Domain Validation
[   14.692832] scsi target2:0:0: Domain Validation skipping write tests
[   14.776776] scsi target2:0:0: Ending Domain Validation
[   14.801694] scsi target2:0:0: asynchronous
[   14.805799] scsi 2:0:1:0: Direct-Access     VBOX     HARDDISK         1.0  PQ: 0 ANSI: 5
[   14.878049] scsi target2:0:1: Beginning Domain Validation
[   14.940851] scsi target2:0:1: Domain Validation skipping write tests
[   15.006019] e1000 0000:00:08.0 eth1: (PCI:33MHz:32-bit) 08:00:27:5b:c7:34
[   15.006023] e1000 0000:00:08.0 eth1: Intel(R) PRO/1000 Network Connection
[   15.057967] e1000 0000:00:08.0 enp0s8: renamed from eth1
[   15.246689] scsi target2:0:1: Ending Domain Validation
[   15.307036] scsi target2:0:1: asynchronous
[   15.312730] e1000 0000:00:03.0 enp0s3: renamed from eth0
[   15.391878] sd 2:0:0:0: Attached scsi generic sg0 type 0
[   15.436733] sd 2:0:0:0: [sda] 20971520 512-byte logical blocks: (10.7 GB/10.0 GiB)
[   15.437985] sd 2:0:0:0: [sda] Write Protect is off
[   15.438166] sd 2:0:0:0: [sda] Incomplete mode parameter data
[   15.438168] sd 2:0:0:0: [sda] Assuming drive cache: write through
[   15.446216]  sda: sda1
[   15.447201] sd 2:0:0:0: [sda] Attached SCSI disk
[   15.685482] sd 2:0:1:0: [sdb] 20480 512-byte logical blocks: (10.5 MB/10.0 MiB)
[   15.692767] sd 2:0:1:0: Attached scsi generic sg1 type 0
[   15.847635] sd 2:0:1:0: [sdb] Write Protect is off
[   15.887144] sd 2:0:1:0: [sdb] Incomplete mode parameter data
[   15.974039] sd 2:0:1:0: [sdb] Assuming drive cache: write through
[   16.037046] sd 2:0:1:0: [sdb] Attached SCSI disk
[   16.608204] floppy0: no floppy controllers found
Begin: Loading e[   18.256991] md: linear personality registered for level -1
ssential drivers[   18.338680] md: multipath personality registered for level -4
 ... [   18.427793] md: raid0 personality registered for level 0
[   18.547206] md: raid1 personality registered for level 1
[   18.689609] raid6: sse2x1   gen()  4427 MB/s
[   18.824293] raid6: sse2x1   xor()  4094 MB/s
[   18.961383] raid6: sse2x2   gen()  8072 MB/s
[   19.081889] raid6: sse2x2   xor()  6793 MB/s
[   19.201544] raid6: sse2x4   gen() 10726 MB/s
[   19.324971] raid6: sse2x4   xor()  5978 MB/s
[   19.386256] raid6: using algorithm sse2x4 gen() 10726 MB/s
[   19.476910] raid6: .... xor() 5978 MB/s, rmw enabled
[   19.498278] raid6: using ssse3x2 recovery algorithm
[   19.552467] xor: automatically using best checksumming function:
[   19.688023]    avx       : 10653.000 MB/sec
[   19.750182] async_tx: api initialized (async)
[   19.790364] md: raid6 personality registered for level 6
[   19.834422] md: raid5 personality registered for level 5
[   19.901199] md: raid4 personality registered for level 4
[   19.940248] md: raid10 personality registered for level 10
done.
Begin: Running /scripts/init-premount ... done[   20.052520] Btrfs loaded
.
Begin: Mounting root file system ... Begin: Running /scripts/local-top ... done.
Begin: Running /scripts/local-premount ... Scanning for Btrfs filesystems
done.
Warning: fsck not present, so skipping ro[   20.260476] EXT4-fs (sda1): mounted filesystem with ordered data mode. Opts: (null)
ot file system
done.
Begin: Running /scripts/local-bottom ... done.
Begin: Running /scripts/init-bottom ... done.
[   21.091721] random: nonblocking pool is initialized
[   21.706296] systemd[1]: systemd 229 running in system mode. (+PAM +AUDIT +SELINUX +IMA +APPARMOR +SMACK +SYSVINIT +UTMP +LIBCRYPTSETUP +GCRYPT +GNUTLS +ACL +XZ -LZ4 +SECCOMP +BLKID +ELFUTILS +KMOD -IDN)
[   21.896711] systemd[1]: Detected virtualization oracle.
[   21.952728] systemd[1]: Detected architecture x86-64.

Welcome to [1mUbuntu 16.04.3 LTS[0m!

[   22.140510] systemd[1]: Set hostname to <ubuntu-xenial>.
[   24.174725] systemd[1]: Listening on LVM2 metadata daemon socket.
[[0;32m  OK  [0m] Listening on LVM2 metadata daemon socket.
[   24.336377] systemd[1]: Listening on Journal Socket (/dev/log).
[[0;32m  OK  [0m] Listening on Journal Socket (/dev/log).
[   24.456367] systemd[1]: Listening on Journal Audit Socket.
[[0;32m  OK  [0m] Listening on Journal Audit Socket.
[   24.609202] systemd[1]: Reached target Swap.
[[0;32m  OK  [0m] Reached target Swap.
[   24.669246] systemd[1]: Listening on /dev/initctl Compatibility Named Pipe.
[[0;32m  OK  [0m] Listening on /dev/initctl Compatibility Named Pipe.
[   24.836610] systemd[1]: Listening on udev Kernel Socket.
[[0;32m  OK  [0m] Listening on udev Kernel Socket.
[   24.989089] systemd[1]: Reached target Encrypted Volumes.
[[0;32m  OK  [0m] Reached target Encrypted Volumes.
[   25.085478] systemd[1]: Listening on Journal Socket.
[[0;32m  OK  [0m] Listening on Journal Socket.
[   25.188840] systemd[1]: Listening on Device-mapper event daemon FIFOs.
[[0;32m  OK  [0m] Listening on Device-mapper event daemon FIFOs.
[   25.317015] systemd[1]: Set up automount Arbitrary Executable File Formats File System Automount Point.
[[0;32m  OK  [0m] Set up automount Arbitrary Executab...ats File System Automount Point.
[   25.434882] systemd[1]: Created slice System Slice.
[[0;32m  OK  [0m] Created slice System Slice.
[   25.508900] systemd[1]: Starting Nameserver information manager...
         Starting Nameserver information manager...
[   25.654685] systemd[1]: Created slice system-serial\x2dgetty.slice.
[[0;32m  OK  [0m] Created slice system-serial\x2dgetty.slice.
[   25.884812] systemd[1]: Starting Create list of required static device nodes for the current kernel...
         Starting Create list of required st... nodes for the current kernel...
[   26.061132] systemd[1]: Starting Uncomplicated firewall...
         Starting Uncomplicated firewall...
[   26.144592] systemd[1]: Started Forward Password Requests to Wall Directory Watch.
[[0;32m  OK  [0m] Started Forward Password Requests to Wall Directory Watch.
[   26.233020] systemd[1]: Started Trigger resolvconf update for networkd DNS.
[[0;32m  OK  [0m] Started Trigger resolvconf update for networkd DNS.
[   26.516724] systemd[1]: Created slice User and Session Slice.
[[0;32m  OK  [0m] Created slice User and Session Slice.
[   26.676729] systemd[1]: Reached target Slices.
[[0;32m  OK  [0m] Reached target Slices.
[   26.796354] systemd[1]: Starting Set console keymap...
         Starting Set console keymap...
[   26.908346] systemd[1]: Starting Remount Root and Kernel File Systems...
         Starting Remount Root and Kernel[   27.088558] EXT4-fs (sda1): re-mounted. Opts: (null)
 File Systems...
[   27.216492] systemd[1]: Reached target User and Group Name Lookups.
[[0;32m  OK  [0m] Reached target User and Group Name Lookups.
[   27.391508] systemd[1]: Listening on LVM2 poll daemon socket.
[[0;32m  OK  [0m] Listening on LVM2 poll daemon socket.
[   27.469140] systemd[1]: Listening on Syslog Socket.
[[0;32m  OK  [0m] Listening on Syslog Socket.
[   27.624587] systemd[1]: Starting Journal Service...
         Starting Journal Service...
[   27.728347] systemd[1]: Listening on udev Control Socket.
[[0;32m  OK  [0m] Listening on udev Control Socket.
[   27.840929] systemd[1]: Starting Monitoring of LVM2 mirrors, snapshots etc. using dmeventd or progress polling...
         Starting Monitoring of LVM2 mirrors... dmeventd or progress polling...
[   28.092518] systemd[1]: Mounting Debug File System...
         Mounting Debug File System...
[   28.209056] systemd[1]: Mounting Huge Pages File System...
         Mounting Huge Pages File System...
[   28.328474] systemd[1]: Mounting POSIX Message Queue File System...
         Mounting POSIX Message Queue File System...
[   28.548832] systemd[1]: Starting Load Kernel Modules...
         Starting Load Kernel Modules...
[   28.578949] systemd[1]: Mounted POSIX Message Queue File System.
[[0;32m  OK  [0m] Mounted POSI[   28.623092] Loading iSCSI transport class v2.0-870.
X Message Queue File System.
[   28.780729] iscsi: registered transport (tcp)
[   28.820264] systemd[1]: Mounted Debug File System.
[[0;32m  OK  [0m] Mounted Debug File System.
[   28.940390] iscsi: registered transport (iser)
[   28.940404] systemd[1]: Mounted Huge Pages File System.
[[0;32m  OK  [0m] Mounted Huge Pages File System.
[   29.181048] systemd[1]: Started Journal Service.
[[0;32m  OK  [0m] Started Journal Service.
[[0;32m  OK  [0m] Started Create list of required sta...ce nodes for the current kernel.
[[0;32m  OK  [0m] Started Uncomplicated firewall.
[[0;32m  OK  [0m] Started Set console keymap.
[[0;32m  OK  [0m] Started Remount Root and Kernel File Systems.
[[0;32m  OK  [0m] Started Load Kernel Modules.
[[0;32m  OK  [0m] Started Nameserver information manager.
[[0;32m  OK  [0m] Started LVM2 metadata daemon.
         Mounting FUSE Control File System...
         Starting Apply Kernel Variables...
         Starting Initial cloud-init job (pre-networking)...
         Starting udev Coldplug all Devices...
         Starting Load/Save Random Seed...
         Starting Create Static Device Nodes in /dev...
         Starting Flush Journal to Persistent Storage...
[[0;32m  OK  [0m] Mounted FUSE Control File System.
[[0;32m  OK  [0m] Started Monitoring of LVM2 mirrors,...ng dmeventd or progress polling.
[[0;32m  OK  [0m] Started Apply Kernel Variables.
[[0;32m  OK  [0m] Started Load/Save Random Seed.
[[0;32m  OK  [0m] Started udev Coldplug all Devices.
[[0;32m  OK  [0m] Started Create Static Device Nodes in /dev.
         Starting udev Kernel Device Manager...
[[0;32m  OK  [0m] Started Flush Journal to Persistent Storage.
[[0;32m  OK  [0m] Started udev Kernel Device Manager.
[[0;32m  OK  [0m] Reached target Local File Systems (Pre).
[[0;32m  OK  [0m] Reached target Local File Systems.
         Starting Create Volatile Files and Directories...
         Starting LSB: AppArmor initialization...
         Starting Set console font and keymap...
         Starting Tell Plymouth To Write Out Runtime Data...
[[0;32m  OK  [0m] Started Dispatch Password Requests to Console Directory Watch.
[[0;32m  OK  [0m] Found device /dev/ttyS0.
[[0;32m  OK  [0m] Started Tell Plymouth To Write Out Runtime Data.
[[0;32m  OK  [0m] Started Create Volatile Files and Directories.
[[0;32m  OK  [0m] Reached target System Time Synchronized.
         Starting Update UTMP about System Boot/Shutdown...
[[0;32m  OK  [0m] Found device 82540EM Gigabit Ethern...r (PRO/1000 MT Desktop Adapter).
[[0;32m  OK  [0m] Found device 82540EM Gigabit Ethern...r (PRO/1000 MT Desktop Adapter).
[[0;32m  OK  [0m] Started Update UTMP about System Boot/Shutdown.
[[0;32m  OK  [0m] Started Set console font and keymap.
[[0;32m  OK  [0m] Created slice system-getty.slice.
[[0;32m  OK  [0m] Listening on Load/Save RF Kill Switch Status /dev/rfkill Watch.
[[0;32m  OK  [0m] Started LSB: AppArmor initialization.
[   37.170050] cloud-init[462]: Cloud-init v. 17.1 running 'init-local' at Mon, 18 Dec 2017 15:56:22 +0000. Up 36.30 seconds.
[[0;32m  OK  [0m] Started Initial cloud-init job (pre-networking).
[[0;32m  OK  [0m] Reached target Network (Pre).
         Starting Raise network interfaces...
[[0;32m  OK  [0m] Started ifup for enp0s8.
[[0;32m  OK  [0m] Started ifup for enp0s3.
[[0;32m  OK  [0m] Started Raise network interfaces.
         Starting Initial cloud-init job (metadata service crawler)...
[[0;32m  OK  [0m] Reached target Network.
[   39.433256] cloud-init[1079]: Cloud-init v. 17.1 running 'init' at Mon, 18 Dec 2017 15:56:24 +0000. Up 38.38 seconds.
[   39.554968] [cloud-init[0;32m  OK  [0m[1079]: ] ci-info: ++++++++++++++++++++++++++++++++++++++Net device info++++++++++++++++++++++++++++++++++++++Started Initial cloud-init job (metadata service crawler).

[   39.555594] cloud-init[1079]: ci-info: +--------+------+-----------------------------+---------------+-------+-------------------+
[   39.877297] [cloud-init[0;32m  OK  [0m[1079]: ] ci-info: | Device |  Up  |           Address           |      Mask     | Scope |     Hw-Address    |Reached target System Initialization.

[[0;32m  OK  [0m] Listening on D-Bus System Message Bus Socket.
[   39.878040] cloud-init[1079]: ci-info: +--------+------+-----------------------------+---------------+-------+-------------------+
[   40.289187] [cloud-init[0;32m  OK  [0m[1079]: ] ci-info: | enp0s3 | True |          10.0.2.15          | 255.255.255.0 |   .   | 02:63:8e:2c:ef:cd |Started ACPI Events Check.

[   40.461163] [cloud-init[0;32m  OK  [0m[1079]: ] ci-info: | enp0s3 | True |  fe80::63:8eff:fe2c:efcd/64 |       .       |  link | 02:63:8e:2c:ef:cd |Reached target Paths.

[[   40.462012] cloud-init[1079]: ci-info: | enp0s8 | True |        192.168.33.10        | 255.255.255.0 |   .   | 08:00:27:5b:c7:34 |
[0;32m  OK  [0m] Listening on ACPID Listen Socket.
[[0;32m  OK  [0m] Started Daily Cleanup of Temporary Directories.
[   40.645983] cloud-init[1079]: ci-info: | enp0s8 | True | fe80::a00:27ff:fe5b:c734/64 |       .       |  link | 08:00:27:5b:c7:34 |
[   40.885100] cloud-init[1079]: ci-info: |   lo   | True |          127.0.0.1          |   255.0.0.0   |   .   |         .         |
[   41.021320] cloud-init[1079]: ci-info: |   lo   | True |           ::1/128           |       .       |  host |         .         |
[   41.021762] cloud-init[1079]: ci-info: +--------+------+-----------------------------+---------------+-------+-------------------+
[[0;32m  OK  [0m] Started Timer to automatically refresh installed snaps.
         Starting Socket activation for snappy daemon.
[[0;32m  OK  [0m] Listening on UUID daemon activation socket.
[   41.021981] cloud-init[1079]: ci-info: ++++++++++++++++++++++++++++Route IPv4 info++++++++++++++++++++++++++++
         [   41.600976] Starting LXD - unix socket.cloud-init
[1079]: ci-info: +-------+--------------+----------+---------------+-----------+-------+
[   41.740664] cloud-init[1079]: ci-info: | Route | Destination  | Gateway  |    Genmask    | Interface | Flags |
[   41.741101] cloud-init[1079]: ci-info: +-------+--------------+----------+---------------+-----------+-------+
[[0;32m  OK  [0m] Reached target Network is Online.
[   41.741310] cloud-init[1079]: ci-info: |   0   |   0.0.0.0    | 10.0.2.2 |    0.0.0.0    |   enp0s3  |   UG  |
[   42.128649] cloud-init[1079]: ci-info: |   1   |   10.0.2.0   | 0.0.0.0  | 255.255.255.0 |   enp0s3  |   U   |
[   42.129286] cloud-init[1079]: ci-info: |   2   | 192.168.33.0 | 0.0.0.0  | 255.255.255.0 |   enp0s8  |   U   |
         Starting iSCSI initiator daemon (iscsid)...
[   42.129568] cloud-init[1079]: ci-info: +-------+--------------+----------+---------------+-----------+-------+
[[0;32m  OK  [0m] Started Daily apt download activities.
[[0;32m  OK  [0m] Started Daily apt upgrade and clean activities.
[[0;32m  OK  [0m] Reached target Timers.
[[0;32m  OK  [0m] Reached target Cloud-config availability.
[[0;32m  OK  [0m] Listening on Socket activation for snappy daemon.
[[0;32m  OK  [0m] Listening on LXD - unix socket.
[[0;32m  OK  [0m] Reached target Sockets.
[[0;32m  OK  [0m] Reached target Basic System.
         Starting Login Service...
         Starting LSB: MD monitoring daemon...
[[0;32m  OK  [0m] Started Deferred execution scheduler.
         Starting System Logging Service...
         Starting Apply the settings specified in cloud-config...
[[0;32m  OK  [0m] Started D-Bus System Message Bus.
         Starting /etc/rc.local Compatibility...
[[0;32m  OK  [0m] Started Unattended Upgrades Shutdown.
         Starting Accounts Service...
         Starting LSB: Record successful boot for GRUB...
         Starting OpenBSD Secure Shell server...
[[0;32m  OK  [0m] Started FUSE filesystem for LXC.
         Starting MySQL Community Server...
         Starting LXD - container startup/shutdown...
[[0;32m  OK  [0m] Started ACPI event daemon.
[[0;32m  OK  [0m] Started Regular background program processing daemon.
         Starting Snappy daemon...
[[0;32m  OK  [0m] Started System Logging Service.
[[0;32m  OK  [0m] Started iSCSI initiator daemon (iscsid).
[[0;32m  OK  [0m] Started /etc/rc.local Compatibility.
         Starting Login to default iSCSI targets...
[[0;32m  OK  [0m] Started Login Service.
[   44.703685] cloud-init[1148]: Cloud-init v. 17.1 running 'modules:config' at Mon, 18 Dec 2017 15:56:29 +0000. Up 43.62 seconds.
[[0;32m  OK  [0m] Started Apply the settings specified in cloud-config.
[[0;32m  OK  [0m] Started LSB: Record successful boot for GRUB.
[[0;32m  OK  [0m] Started LSB: MD monitoring daemon.
[[0;32m  OK  [0m] Started Login to default iSCSI targets.
[[0;32m  OK  [0m] Reached target Remote File Systems (Pre).
[[0;32m  OK  [0m] Reached target Remote File Systems.
         Starting LSB: Apache2 web server...
         Starting LSB: daemon to balance interrupts for SMP systems...
         Starting LSB: automatic crash report generation...
         Starting Permit User Sessions...
         Starting LSB: Set the CPU Frequency Scaling governor to "ondemand"...
         Starting LSB: VirtualBox Linux Additions...
[[0;32m  OK  [0m] Started OpenBSD Secure Shell server.
[[0;32m  OK  [0m] Started Permit User Sessions.
[[0;32m  OK  [0m] Started LSB: Set the CPU Frequency Scaling governor to "ondemand".
         Starting Authenticate and Authorize Users to Run Privileged Tasks...
         Starting Hold until boot process finishes up...
         Starting Terminate Plymouth Boot Screen...
[[0;32m  OK  [0m] Started LSB: daemon to balance interrupts for SMP systems.
[[0;32m  OK  [0m] Started Hold until boot process finishes up.
[[0;32m  OK  [0m] Started LSB: automatic crash report generation.
[[0;32m  OK  [0m] Started Terminate Plymouth Boot Screen.
[[0;32m  OK  [0m] Started Serial Getty on ttyS0.
         Starting Set console scheme...
[[0;32m  OK  [0m] Started Getty on tty1.
[[0;32m  OK  [0m] Reached target Login Prompts.
[[0;32m  OK  [0m] Started Set console scheme.
[[0;32m  OK  [0m] Started Authenticate and Authorize Users to Run Privileged Tasks.
[[0;32m  OK  [0m] Started Accounts Service.
[[0;32m  OK  [0m] Started LSB: VirtualBox Linux Additions.

Ubuntu 16.04.3 LTS ubuntu-xenial ttyS0

ubuntu-xenial login: [   58.803795] cloud-init[1417]: Cloud-init v. 17.1 running 'modules:final' at Mon, 18 Dec 2017 15:56:44 +0000. Up 58.55 seconds.
[   58.804135] cloud-init[1417]: Cloud-init v. 17.1 finished at Mon, 18 Dec 2017 15:56:44 +0000. Datasource DataSourceNoCloud [seed=/dev/sdb][dsmode=net].  Up 58.79 seconds
